This is XeTeX, Version 3.141592653-2.6-0.999998 (TeX Live 2026) (preloaded format=xelatex 2026.6.5)  6 JUN 2026 16:34
entering extended mode
 restricted \write18 enabled.
 %&-line parsing enabled.
**ТитульныйЛистПрактика.tex
(./ТитульныйЛистПрактика.tex
LaTeX2e <2026-06-01>
L3 programming layer <2026-05-26>

! LaTeX Error: Missing \begin{document}.

See the LaTeX manual or LaTeX Companion for explanation.
Type  H <return>  for immediate help.
 ...                                              
                                                  
l.2 \begin{center}
                  
You're in trouble here.  Try typing  <return>  to proceed.
If that doesn't work, type  X <return>  to quit.


Overfull \hbox (20.0pt too wide) in paragraph at lines 2--2
[] 
 []

! Undefined control sequence.
l.3 ^^I\large
             \textbf{Минобрнауки России}
The control sequence at the end of the top line
of your error message was never \def'ed. If you have
misspelled it (e.g., `\hobx'), type `I' and the correct
spelling (e.g., `I\hbox'). Otherwise just continue,
and I'll forget about whatever was undefined.

Missing character: There is no М (U+041C) in font [lmroman10-bold]:mapping=tex-
text;!
Missing character: There is no и (U+0438) in font [lmroman10-bold]:mapping=tex-
text;!
Missing character: There is no н (U+043D) in font [lmroman10-bold]:mapping=tex-
text;!
Missing character: There is no о (U+043E) in font [lmroman10-bold]:mapping=tex-
text;!
Missing character: There is no б (U+0431) in font [lmroman10-bold]:mapping=tex-
text;!
Missing character: There is no р (U+0440) in font [lmroman10-bold]:mapping=tex-
text;!
Missing character: There is no н (U+043D) in font [lmroman10-bold]:mapping=tex-
text;!
Missing character: There is no а (U+0430) in font [lmroman10-bold]:mapping=tex-
text;!
Missing character: There is no у (U+0443) in font [lmroman10-bold]:mapping=tex-
text;!
Missing character: There is no к (U+043A) in font [lmroman10-bold]:mapping=tex-
text;!
Missing character: There is no и (U+0438) in font [lmroman10-bold]:mapping=tex-
text;!
Missing character: There is no Р (U+0420) in font [lmroman10-bold]:mapping=tex-
text;!
Missing character: There is no о (U+043E) in font [lmroman10-bold]:mapping=tex-
text;!
Missing character: There is no с (U+0441) in font [lmroman10-bold]:mapping=tex-
text;!
Missing character: There is no с (U+0441) in font [lmroman10-bold]:mapping=tex-
text;!
Missing character: There is no и (U+0438) in font [lmroman10-bold]:mapping=tex-
text;!
Missing character: There is no и (U+0438) in font [lmroman10-bold]:mapping=tex-
text;!

Overfull \hbox (30.8pt too wide) in paragraph at lines 3--4
 \TU/lmr/bx/n/10 Минобрнауки 
 []


Overfull \hbox (16.8pt too wide) in paragraph at lines 3--4
 \TU/lmr/bx/n/10 России 
 []

! Undefined control sequence.
l.5 ^^I\large
             \textbf{Юго-Западный государственный университет}
The control sequence at the end of the top line
of your error message was never \def'ed. If you have
misspelled it (e.g., `\hobx'), type `I' and the correct
spelling (e.g., `I\hbox'). Otherwise just continue,
and I'll forget about whatever was undefined.

Missing character: There is no Ю (U+042E) in font [lmroman10-bold]:mapping=tex-
text;!
Missing character: There is no г (U+0433) in font [lmroman10-bold]:mapping=tex-
text;!
Missing character: There is no о (U+043E) in font [lmroman10-bold]:mapping=tex-
text;!
Missing character: There is no З (U+0417) in font [lmroman10-bold]:mapping=tex-
text;!
Missing character: There is no а (U+0430) in font [lmroman10-bold]:mapping=tex-
text;!
Missing character: There is no п (U+043F) in font [lmroman10-bold]:mapping=tex-
text;!
Missing character: There is no а (U+0430) in font [lmroman10-bold]:mapping=tex-
text;!
Missing character: There is no д (U+0434) in font [lmroman10-bold]:mapping=tex-
text;!
Missing character: There is no н (U+043D) in font [lmroman10-bold]:mapping=tex-
text;!
Missing character: There is no ы (U+044B) in font [lmroman10-bold]:mapping=tex-
text;!
Missing character: There is no й (U+0439) in font [lmroman10-bold]:mapping=tex-
text;!
Missing character: There is no г (U+0433) in font [lmroman10-bold]:mapping=tex-
text;!
Missing character: There is no о (U+043E) in font [lmroman10-bold]:mapping=tex-
text;!
Missing character: There is no с (U+0441) in font [lmroman10-bold]:mapping=tex-
text;!
Missing character: There is no у (U+0443) in font [lmroman10-bold]:mapping=tex-
text;!
Missing character: There is no д (U+0434) in font [lmroman10-bold]:mapping=tex-
text;!
Missing character: There is no а (U+0430) in font [lmroman10-bold]:mapping=tex-
text;!
Missing character: There is no р (U+0440) in font [lmroman10-bold]:mapping=tex-
text;!
Missing character: There is no с (U+0441) in font [lmroman10-bold]:mapping=tex-
text;!
Missing character: There is no т (U+0442) in font [lmroman10-bold]:mapping=tex-
text;!
Missing character: There is no в (U+0432) in font [lmroman10-bold]:mapping=tex-
text;!
Missing character: There is no е (U+0435) in font [lmroman10-bold]:mapping=tex-
text;!
Missing character: There is no н (U+043D) in font [lmroman10-bold]:mapping=tex-
text;!
Missing character: There is no н (U+043D) in font [lmroman10-bold]:mapping=tex-
text;!
Missing character: There is no ы (U+044B) in font [lmroman10-bold]:mapping=tex-
text;!
Missing character: There is no й (U+0439) in font [lmroman10-bold]:mapping=tex-
text;!
Missing character: There is no у (U+0443) in font [lmroman10-bold]:mapping=tex-
text;!
Missing character: There is no н (U+043D) in font [lmroman10-bold]:mapping=tex-
text;!
Missing character: There is no и (U+0438) in font [lmroman10-bold]:mapping=tex-
text;!
Missing character: There is no в (U+0432) in font [lmroman10-bold]:mapping=tex-
text;!
Missing character: There is no е (U+0435) in font [lmroman10-bold]:mapping=tex-
text;!
Missing character: There is no р (U+0440) in font [lmroman10-bold]:mapping=tex-
text;!
Missing character: There is no с (U+0441) in font [lmroman10-bold]:mapping=tex-
text;!
Missing character: There is no и (U+0438) in font [lmroman10-bold]:mapping=tex-
text;!
Missing character: There is no т (U+0442) in font [lmroman10-bold]:mapping=tex-
text;!
Missing character: There is no е (U+0435) in font [lmroman10-bold]:mapping=tex-
text;!
Missing character: There is no т (U+0442) in font [lmroman10-bold]:mapping=tex-
text;!

Overfull \hbox (12.23pt too wide) in paragraph at lines 5--6
 []\TU/lmr/bx/n/10 Юго- 
 []


Overfull \hbox (22.4pt too wide) in paragraph at lines 5--6
 \TU/lmr/bx/n/10 Западный 
 []


Overfull \hbox (42.0pt too wide) in paragraph at lines 5--6
 \TU/lmr/bx/n/10 государственный 
 []


Overfull \hbox (30.8pt too wide) in paragraph at lines 5--6
 \TU/lmr/bx/n/10 университет 
 []


! LaTeX Error: The font size command \normalsize is not defined:
               there is probably something wrong with the class file.

See the LaTeX manual or LaTeX Companion for explanation.
Type  H <return>  for immediate help.
 ...                                              
                                                  
l.7 ^^I\normalsize
                  {Кафедра программной инженерии}
Your command was ignored.
Type  I <command> <return>  to replace it with another command,
or  <return>  to continue without it.

Missing character: There is no К ("41A) in font nullfont!
Missing character: There is no а ("430) in font nullfont!
Missing character: There is no ф ("444) in font nullfont!
Missing character: There is no е ("435) in font nullfont!
Missing character: There is no д ("434) in font nullfont!
Missing character: There is no р ("440) in font nullfont!
Missing character: There is no а ("430) in font nullfont!
Missing character: There is no п ("43F) in font nullfont!
Missing character: There is no р ("440) in font nullfont!
Missing character: There is no о ("43E) in font nullfont!
Missing character: There is no г ("433) in font nullfont!
Missing character: There is no р ("440) in font nullfont!
Missing character: There is no а ("430) in font nullfont!
Missing character: There is no м ("43C) in font nullfont!
Missing character: There is no м ("43C) in font nullfont!
Missing character: There is no н ("43D) in font nullfont!
Missing character: There is no о ("43E) in font nullfont!
Missing character: There is no й ("439) in font nullfont!
Missing character: There is no и ("438) in font nullfont!
Missing character: There is no н ("43D) in font nullfont!
Missing character: There is no ж ("436) in font nullfont!
Missing character: There is no е ("435) in font nullfont!
Missing character: There is no н ("43D) in font nullfont!
Missing character: There is no е ("435) in font nullfont!
Missing character: There is no р ("440) in font nullfont!
Missing character: There is no и ("438) in font nullfont!
Missing character: There is no и ("438) in font nullfont!
! Undefined control sequence.
l.9 ^^I\large
             \textbf{ОТЧЕТ}\\
The control sequence at the end of the top line
of your error message was never \def'ed. If you have
misspelled it (e.g., `\hobx'), type `I' and the correct
spelling (e.g., `I\hbox'). Otherwise just continue,
and I'll forget about whatever was undefined.

Missing character: There is no О (U+041E) in font [lmroman10-bold]:mapping=tex-
text;!
Missing character: There is no Т (U+0422) in font [lmroman10-bold]:mapping=tex-
text;!
Missing character: There is no Ч (U+0427) in font [lmroman10-bold]:mapping=tex-
text;!
Missing character: There is no Е (U+0415) in font [lmroman10-bold]:mapping=tex-
text;!
Missing character: There is no Т (U+0422) in font [lmroman10-bold]:mapping=tex-
text;!

Overfull \hbox (14.0pt too wide) in paragraph at lines 9--9
 []\TU/lmr/bx/n/10 ОТЧЕТ 
 []


! LaTeX Error: The font size command \normalsize is not defined:
               there is probably something wrong with the class file.

See the LaTeX manual or LaTeX Companion for explanation.
Type  H <return>  for immediate help.
 ...                                              
                                                  
l.10 ^^I\normalsize
                   \noindent\fillcenter{о преддипломной практике}\\
Your command was ignored.
Type  I <command> <return>  to replace it with another command,
or  <return>  to continue without it.

! Undefined control sequence.
l.10 ^^I\normalsize\noindent\fillcenter
                                       {о преддипломной практике}\\
The control sequence at the end of the top line
of your error message was never \def'ed. If you have
misspelled it (e.g., `\hobx'), type `I' and the correct
spelling (e.g., `I\hbox'). Otherwise just continue,
and I'll forget about whatever was undefined.

Missing character: There is no о ("43E) in font nullfont!
Missing character: There is no п ("43F) in font nullfont!
Missing character: There is no р ("440) in font nullfont!
Missing character: There is no е ("435) in font nullfont!
Missing character: There is no д ("434) in font nullfont!
Missing character: There is no д ("434) in font nullfont!
Missing character: There is no и ("438) in font nullfont!
Missing character: There is no п ("43F) in font nullfont!
Missing character: There is no л ("43B) in font nullfont!
Missing character: There is no о ("43E) in font nullfont!
Missing character: There is no м ("43C) in font nullfont!
Missing character: There is no н ("43D) in font nullfont!
Missing character: There is no о ("43E) in font nullfont!
Missing character: There is no й ("439) in font nullfont!
Missing character: There is no п ("43F) in font nullfont!
Missing character: There is no р ("440) in font nullfont!
Missing character: There is no а ("430) in font nullfont!
Missing character: There is no к ("43A) in font nullfont!
Missing character: There is no т ("442) in font nullfont!
Missing character: There is no и ("438) in font nullfont!
Missing character: There is no к ("43A) in font nullfont!
Missing character: There is no е ("435) in font nullfont!
! Undefined control sequence.
<recently read> \footnotesize 
                              
l.11 ^^I\footnotesize
                     {наименование вида и типа практики}
The control sequence at the end of the top line
of your error message was never \def'ed. If you have
misspelled it (e.g., `\hobx'), type `I' and the correct
spelling (e.g., `I\hbox'). Otherwise just continue,
and I'll forget about whatever was undefined.

Missing character: There is no н ("43D) in font nullfont!
Missing character: There is no а ("430) in font nullfont!
Missing character: There is no и ("438) in font nullfont!
Missing character: There is no м ("43C) in font nullfont!
Missing character: There is no е ("435) in font nullfont!
Missing character: There is no н ("43D) in font nullfont!
Missing character: There is no о ("43E) in font nullfont!
Missing character: There is no в ("432) in font nullfont!
Missing character: There is no а ("430) in font nullfont!
Missing character: There is no н ("43D) in font nullfont!
Missing character: There is no и ("438) in font nullfont!
Missing character: There is no е ("435) in font nullfont!
Missing character: There is no в ("432) in font nullfont!
Missing character: There is no и ("438) in font nullfont!
Missing character: There is no д ("434) in font nullfont!
Missing character: There is no а ("430) in font nullfont!
Missing character: There is no и ("438) in font nullfont!
Missing character: There is no т ("442) in font nullfont!
Missing character: There is no и ("438) in font nullfont!
Missing character: There is no п ("43F) in font nullfont!
Missing character: There is no а ("430) in font nullfont!
Missing character: There is no п ("43F) in font nullfont!
Missing character: There is no р ("440) in font nullfont!
Missing character: There is no а ("430) in font nullfont!
Missing character: There is no к ("43A) in font nullfont!
Missing character: There is no т ("442) in font nullfont!
Missing character: There is no и ("438) in font nullfont!
Missing character: There is no к ("43A) in font nullfont!
Missing character: There is no и ("438) in font nullfont!

! LaTeX Error: The font size command \normalsize is not defined:
               there is probably something wrong with the class file.

See the LaTeX manual or LaTeX Companion for explanation.
Type  H <return>  for immediate help.
 ...                                              
                                                  
l.13 ^^I\normalsize
                    на (в) \fillcenter{Юго-Западном государственном универси...

Your command was ignored.
Type  I <command> <return>  to replace it with another command,
or  <return>  to continue without it.

Missing character: There is no н ("43D) in font nullfont!
Missing character: There is no а ("430) in font nullfont!
Missing character: There is no ( ("28) in font nullfont!
Missing character: There is no в ("432) in font nullfont!
Missing character: There is no ) ("29) in font nullfont!
! Undefined control sequence.
l.13 ^^I\normalsize на (в) \fillcenter
                                      {Юго-Западном государственном универси...
The control sequence at the end of the top line
of your error message was never \def'ed. If you have
misspelled it (e.g., `\hobx'), type `I' and the correct
spelling (e.g., `I\hbox'). Otherwise just continue,
and I'll forget about whatever was undefined.

Missing character: There is no Ю ("42E) in font nullfont!
Missing character: There is no г ("433) in font nullfont!
Missing character: There is no о ("43E) in font nullfont!
Missing character: There is no - ("2D) in font nullfont!
Missing character: There is no З ("417) in font nullfont!
Missing character: There is no а ("430) in font nullfont!
Missing character: There is no п ("43F) in font nullfont!
Missing character: There is no а ("430) in font nullfont!
Missing character: There is no д ("434) in font nullfont!
Missing character: There is no н ("43D) in font nullfont!
Missing character: There is no о ("43E) in font nullfont!
Missing character: There is no м ("43C) in font nullfont!
Missing character: There is no г ("433) in font nullfont!
Missing character: There is no о ("43E) in font nullfont!
Missing character: There is no с ("441) in font nullfont!
Missing character: There is no у ("443) in font nullfont!
Missing character: There is no д ("434) in font nullfont!
Missing character: There is no а ("430) in font nullfont!
Missing character: There is no р ("440) in font nullfont!
Missing character: There is no с ("441) in font nullfont!
Missing character: There is no т ("442) in font nullfont!
Missing character: There is no в ("432) in font nullfont!
Missing character: There is no е ("435) in font nullfont!
Missing character: There is no н ("43D) in font nullfont!
Missing character: There is no н ("43D) in font nullfont!
Missing character: There is no о ("43E) in font nullfont!
Missing character: There is no м ("43C) in font nullfont!
Missing character: There is no у ("443) in font nullfont!
Missing character: There is no н ("43D) in font nullfont!
Missing character: There is no и ("438) in font nullfont!
Missing character: There is no в ("432) in font nullfont!
Missing character: There is no е ("435) in font nullfont!
Missing character: There is no р ("440) in font nullfont!
Missing character: There is no с ("441) in font nullfont!
Missing character: There is no и ("438) in font nullfont!
Missing character: There is no т ("442) in font nullfont!
Missing character: There is no е ("435) in font nullfont!
Missing character: There is no т ("442) in font nullfont!
Missing character: There is no е ("435) in font nullfont!
! Undefined control sequence.
l.14 ^^I\hspace{1.30cm}\footnotesize
                                    {наименование предприятия, организации, ...
The control sequence at the end of the top line
of your error message was never \def'ed. If you have
misspelled it (e.g., `\hobx'), type `I' and the correct
spelling (e.g., `I\hbox'). Otherwise just continue,
and I'll forget about whatever was undefined.

Missing character: There is no н ("43D) in font nullfont!
Missing character: There is no а ("430) in font nullfont!
Missing character: There is no и ("438) in font nullfont!
Missing character: There is no м ("43C) in font nullfont!
Missing character: There is no е ("435) in font nullfont!
Missing character: There is no н ("43D) in font nullfont!
Missing character: There is no о ("43E) in font nullfont!
Missing character: There is no в ("432) in font nullfont!
Missing character: There is no а ("430) in font nullfont!
Missing character: There is no н ("43D) in font nullfont!
Missing character: There is no и ("438) in font nullfont!
Missing character: There is no е ("435) in font nullfont!
Missing character: There is no п ("43F) in font nullfont!
Missing character: There is no р ("440) in font nullfont!
Missing character: There is no е ("435) in font nullfont!
Missing character: There is no д ("434) in font nullfont!
Missing character: There is no п ("43F) in font nullfont!
Missing character: There is no р ("440) in font nullfont!
Missing character: There is no и ("438) in font nullfont!
Missing character: There is no я ("44F) in font nullfont!
Missing character: There is no т ("442) in font nullfont!
Missing character: There is no и ("438) in font nullfont!
Missing character: There is no я ("44F) in font nullfont!
Missing character: There is no , ("2C) in font nullfont!
Missing character: There is no о ("43E) in font nullfont!
Missing character: There is no р ("440) in font nullfont!
Missing character: There is no г ("433) in font nullfont!
Missing character: There is no а ("430) in font nullfont!
Missing character: There is no н ("43D) in font nullfont!
Missing character: There is no и ("438) in font nullfont!
Missing character: There is no з ("437) in font nullfont!
Missing character: There is no а ("430) in font nullfont!
Missing character: There is no ц ("446) in font nullfont!
Missing character: There is no и ("438) in font nullfont!
Missing character: There is no и ("438) in font nullfont!
Missing character: There is no , ("2C) in font nullfont!
Missing character: There is no у ("443) in font nullfont!
Missing character: There is no ч ("447) in font nullfont!
Missing character: There is no р ("440) in font nullfont!
Missing character: There is no е ("435) in font nullfont!
Missing character: There is no ж ("436) in font nullfont!
Missing character: There is no д ("434) in font nullfont!
Missing character: There is no е ("435) in font nullfont!
Missing character: There is no н ("43D) in font nullfont!
Missing character: There is no и ("438) in font nullfont!
Missing character: There is no я ("44F) in font nullfont!

! LaTeX Error: The font size command \normalsize is not defined:
               there is probably something wrong with the class file.

See the LaTeX manual or LaTeX Companion for explanation.
Type  H <return>  for immediate help.
 ...                                              
                                                  
l.16 ^^I\normalsize
                    Студента \fillleft{ 4 курса, группы ПО-92б}\\
Your command was ignored.
Type  I <command> <return>  to replace it with another command,
or  <return>  to continue without it.

Missing character: There is no С ("421) in font nullfont!
Missing character: There is no т ("442) in font nullfont!
Missing character: There is no у ("443) in font nullfont!
Missing character: There is no д ("434) in font nullfont!
Missing character: There is no е ("435) in font nullfont!
Missing character: There is no н ("43D) in font nullfont!
Missing character: There is no т ("442) in font nullfont!
Missing character: There is no а ("430) in font nullfont!
! Undefined control sequence.
l.16 ^^I\normalsize Студента \fillleft
                                      { 4 курса, группы ПО-92б}\\
The control sequence at the end of the top line
of your error message was never \def'ed. If you have
misspelled it (e.g., `\hobx'), type `I' and the correct
spelling (e.g., `I\hbox'). Otherwise just continue,
and I'll forget about whatever was undefined.

Missing character: There is no 4 ("34) in font nullfont!
Missing character: There is no к ("43A) in font nullfont!
Missing character: There is no у ("443) in font nullfont!
Missing character: There is no р ("440) in font nullfont!
Missing character: There is no с ("441) in font nullfont!
Missing character: There is no а ("430) in font nullfont!
Missing character: There is no , ("2C) in font nullfont!
Missing character: There is no г ("433) in font nullfont!
Missing character: There is no р ("440) in font nullfont!
Missing character: There is no у ("443) in font nullfont!
Missing character: There is no п ("43F) in font nullfont!
Missing character: There is no п ("43F) in font nullfont!
Missing character: There is no ы ("44B) in font nullfont!
Missing character: There is no П ("41F) in font nullfont!
Missing character: There is no О ("41E) in font nullfont!
Missing character: There is no - ("2D) in font nullfont!
Missing character: There is no 9 ("39) in font nullfont!
Missing character: There is no 2 ("32) in font nullfont!
Missing character: There is no б ("431) in font nullfont!
! Undefined control sequence.
<recently read> \footnotesize 
                              
l.17 ^^I\footnotesize
                     {курса, группы}
The control sequence at the end of the top line
of your error message was never \def'ed. If you have
misspelled it (e.g., `\hobx'), type `I' and the correct
spelling (e.g., `I\hbox'). Otherwise just continue,
and I'll forget about whatever was undefined.

Missing character: There is no к ("43A) in font nullfont!
Missing character: There is no у ("443) in font nullfont!
Missing character: There is no р ("440) in font nullfont!
Missing character: There is no с ("441) in font nullfont!
Missing character: There is no а ("430) in font nullfont!
Missing character: There is no , ("2C) in font nullfont!
Missing character: There is no г ("433) in font nullfont!
Missing character: There is no р ("440) in font nullfont!
Missing character: There is no у ("443) in font nullfont!
Missing character: There is no п ("43F) in font nullfont!
Missing character: There is no п ("43F) in font nullfont!
Missing character: There is no ы ("44B) in font nullfont!

! LaTeX Error: The font size command \normalsize is not defined:
               there is probably something wrong with the class file.

See the LaTeX manual or LaTeX Companion for explanation.
Type  H <return>  for immediate help.
 ...                                              
                                                  
l.19 ^^I\normalsize
                   \fillcenter{Иванова Ивана Ивановича}\\
Your command was ignored.
Type  I <command> <return>  to replace it with another command,
or  <return>  to continue without it.

! Undefined control sequence.
l.19 ^^I\normalsize\fillcenter
                              {Иванова Ивана Ивановича}\\
The control sequence at the end of the top line
of your error message was never \def'ed. If you have
misspelled it (e.g., `\hobx'), type `I' and the correct
spelling (e.g., `I\hbox'). Otherwise just continue,
and I'll forget about whatever was undefined.

Missing character: There is no И ("418) in font nullfont!
Missing character: There is no в ("432) in font nullfont!
Missing character: There is no а ("430) in font nullfont!
Missing character: There is no н ("43D) in font nullfont!
Missing character: There is no о ("43E) in font nullfont!
Missing character: There is no в ("432) in font nullfont!
Missing character: There is no а ("430) in font nullfont!
Missing character: There is no И ("418) in font nullfont!
Missing character: There is no в ("432) in font nullfont!
Missing character: There is no а ("430) in font nullfont!
Missing character: There is no н ("43D) in font nullfont!
Missing character: There is no а ("430) in font nullfont!
Missing character: There is no И ("418) in font nullfont!
Missing character: There is no в ("432) in font nullfont!
Missing character: There is no а ("430) in font nullfont!
Missing character: There is no н ("43D) in font nullfont!
Missing character: There is no о ("43E) in font nullfont!
Missing character: There is no в ("432) in font nullfont!
Missing character: There is no и ("438) in font nullfont!
Missing character: There is no ч ("447) in font nullfont!
Missing character: There is no а ("430) in font nullfont!
! Undefined control sequence.
<recently read> \footnotesize 
                              
l.20 ^^I\footnotesize
                     {фамилия, имя, отчество}
The control sequence at the end of the top line
of your error message was never \def'ed. If you have
misspelled it (e.g., `\hobx'), type `I' and the correct
spelling (e.g., `I\hbox'). Otherwise just continue,
and I'll forget about whatever was undefined.

Missing character: There is no ф ("444) in font nullfont!
Missing character: There is no а ("430) in font nullfont!
Missing character: There is no м ("43C) in font nullfont!
Missing character: There is no и ("438) in font nullfont!
Missing character: There is no л ("43B) in font nullfont!
Missing character: There is no и ("438) in font nullfont!
Missing character: There is no я ("44F) in font nullfont!
Missing character: There is no , ("2C) in font nullfont!
Missing character: There is no и ("438) in font nullfont!
Missing character: There is no м ("43C) in font nullfont!
Missing character: There is no я ("44F) in font nullfont!
Missing character: There is no , ("2C) in font nullfont!
Missing character: There is no о ("43E) in font nullfont!
Missing character: There is no т ("442) in font nullfont!
Missing character: There is no ч ("447) in font nullfont!
Missing character: There is no е ("435) in font nullfont!
Missing character: There is no с ("441) in font nullfont!
Missing character: There is no т ("442) in font nullfont!
Missing character: There is no в ("432) in font nullfont!
Missing character: There is no о ("43E) in font nullfont!
LaTeX Font Info:    External font `cmex10' loaded for size
(Font)              <7> on input line 22.
LaTeX Font Info:    External font `cmex10' loaded for size
(Font)              <5> on input line 22.

! LaTeX Error: Illegal character in array arg.

See the LaTeX manual or LaTeX Companion for explanation.
Type  H <return>  for immediate help.
 ...                                              
                                                  
l.22 ^^I\begin{tabular}{C{6.5cm}p{2cm}C{6.5cm}}
                                               
You're in trouble here.  Try typing  <return>  to proceed.
If that doesn't work, type  X <return>  to quit.


! LaTeX Error: Illegal character in array arg.

See the LaTeX manual or LaTeX Companion for explanation.
Type  H <return>  for immediate help.
 ...                                              
                                                  
l.22 ^^I\begin{tabular}{C{6.5cm}p{2cm}C{6.5cm}}
                                               
You're in trouble here.  Try typing  <return>  to proceed.
If that doesn't work, type  X <return>  to quit.


! LaTeX Error: Illegal character in array arg.

See the LaTeX manual or LaTeX Companion for explanation.
Type  H <return>  for immediate help.
 ...                                              
                                                  
l.22 ^^I\begin{tabular}{C{6.5cm}p{2cm}C{6.5cm}}
                                               
You're in trouble here.  Try typing  <return>  to proceed.
If that doesn't work, type  X <return>  to quit.


! LaTeX Error: Illegal character in array arg.

See the LaTeX manual or LaTeX Companion for explanation.
Type  H <return>  for immediate help.
 ...                                              
                                                  
l.22 ^^I\begin{tabular}{C{6.5cm}p{2cm}C{6.5cm}}
                                               
You're in trouble here.  Try typing  <return>  to proceed.
If that doesn't work, type  X <return>  to quit.


! LaTeX Error: The font size command \normalsize is not defined:
               there is probably something wrong with the class file.

See the LaTeX manual or LaTeX Companion for explanation.
Type  H <return>  for immediate help.
 ...                                              
                                                  
l.23 ^^I^^I\normalsize
                       Руководитель практики от предприятия, организации, уч...

Your command was ignored.
Type  I <command> <return>  to replace it with another command,
or  <return>  to continue without it.

Missing character: There is no Р ("420) in font nullfont!
Missing character: There is no у ("443) in font nullfont!
Missing character: There is no к ("43A) in font nullfont!
Missing character: There is no о ("43E) in font nullfont!
Missing character: There is no в ("432) in font nullfont!
Missing character: There is no о ("43E) in font nullfont!
Missing character: There is no д ("434) in font nullfont!
Missing character: There is no и ("438) in font nullfont!
Missing character: There is no т ("442) in font nullfont!
Missing character: There is no е ("435) in font nullfont!
Missing character: There is no л ("43B) in font nullfont!
Missing character: There is no ь ("44C) in font nullfont!
Missing character: There is no п ("43F) in font nullfont!
Missing character: There is no р ("440) in font nullfont!
Missing character: There is no а ("430) in font nullfont!
Missing character: There is no к ("43A) in font nullfont!
Missing character: There is no т ("442) in font nullfont!
Missing character: There is no и ("438) in font nullfont!
Missing character: There is no к ("43A) in font nullfont!
Missing character: There is no и ("438) in font nullfont!
Missing character: There is no о ("43E) in font nullfont!
Missing character: There is no т ("442) in font nullfont!
Missing character: There is no п ("43F) in font nullfont!
Missing character: There is no р ("440) in font nullfont!
Missing character: There is no е ("435) in font nullfont!
Missing character: There is no д ("434) in font nullfont!
Missing character: There is no п ("43F) in font nullfont!
Missing character: There is no р ("440) in font nullfont!
Missing character: There is no и ("438) in font nullfont!
Missing character: There is no я ("44F) in font nullfont!
Missing character: There is no т ("442) in font nullfont!
Missing character: There is no и ("438) in font nullfont!
Missing character: There is no я ("44F) in font nullfont!
Missing character: There is no , ("2C) in font nullfont!
Missing character: There is no о ("43E) in font nullfont!
Missing character: There is no р ("440) in font nullfont!
Missing character: There is no г ("433) in font nullfont!
Missing character: There is no а ("430) in font nullfont!
Missing character: There is no н ("43D) in font nullfont!
Missing character: There is no и ("438) in font nullfont!
Missing character: There is no з ("437) in font nullfont!
Missing character: There is no а ("430) in font nullfont!
Missing character: There is no ц ("446) in font nullfont!
Missing character: There is no и ("438) in font nullfont!
Missing character: There is no и ("438) in font nullfont!
Missing character: There is no , ("2C) in font nullfont!
Missing character: There is no у ("443) in font nullfont!
Missing character: There is no ч ("447) in font nullfont!
Missing character: There is no р ("440) in font nullfont!
Missing character: There is no е ("435) in font nullfont!
Missing character: There is no ж ("436) in font nullfont!
Missing character: There is no д ("434) in font nullfont!
Missing character: There is no е ("435) in font nullfont!
Missing character: There is no н ("43D) in font nullfont!
Missing character: There is no и ("438) in font nullfont!
Missing character: There is no я ("44F) in font nullfont!

! LaTeX Error: The font size command \normalsize is not defined:
               there is probably something wrong with the class file.

See the LaTeX manual or LaTeX Companion for explanation.
Type  H <return>  for immediate help.
 ...                                              
                                                  
l.23 ...я, организации, учреждения & & \normalsize
                                                   Оценка \underline{\hspace...

Your command was ignored.
Type  I <command> <return>  to replace it with another command,
or  <return>  to continue without it.

Missing character: There is no О ("41E) in font nullfont!
Missing character: There is no ц ("446) in font nullfont!
Missing character: There is no е ("435) in font nullfont!
Missing character: There is no н ("43D) in font nullfont!
Missing character: There is no к ("43A) in font nullfont!
Missing character: There is no а ("430) in font nullfont!

Overfull \hbox (56.90552pt too wide) in paragraph at lines 23--24
[] $[]$| 
 []

! Undefined control sequence.
l.26 ^^I^^I\footnotesize
                        {должность, звание, степень}&&\\
The control sequence at the end of the top line
of your error message was never \def'ed. If you have
misspelled it (e.g., `\hobx'), type `I' and the correct
spelling (e.g., `I\hbox'). Otherwise just continue,
and I'll forget about whatever was undefined.

Missing character: There is no д ("434) in font nullfont!
Missing character: There is no о ("43E) in font nullfont!
Missing character: There is no л ("43B) in font nullfont!
Missing character: There is no ж ("436) in font nullfont!
Missing character: There is no н ("43D) in font nullfont!
Missing character: There is no о ("43E) in font nullfont!
Missing character: There is no с ("441) in font nullfont!
Missing character: There is no т ("442) in font nullfont!
Missing character: There is no ь ("44C) in font nullfont!
Missing character: There is no , ("2C) in font nullfont!
Missing character: There is no з ("437) in font nullfont!
Missing character: There is no в ("432) in font nullfont!
Missing character: There is no а ("430) in font nullfont!
Missing character: There is no н ("43D) in font nullfont!
Missing character: There is no и ("438) in font nullfont!
Missing character: There is no е ("435) in font nullfont!
Missing character: There is no , ("2C) in font nullfont!
Missing character: There is no с ("441) in font nullfont!
Missing character: There is no т ("442) in font nullfont!
Missing character: There is no е ("435) in font nullfont!
Missing character: There is no п ("43F) in font nullfont!
Missing character: There is no е ("435) in font nullfont!
Missing character: There is no н ("43D) in font nullfont!
Missing character: There is no ь ("44C) in font nullfont!

! LaTeX Error: The font size command \normalsize is not defined:
               there is probably something wrong with the class file.

See the LaTeX manual or LaTeX Companion for explanation.
Type  H <return>  for immediate help.
 ...                                              
                                                  
l.27 ^^I^^I\normalsize
                      \underline{\hspace{3cm}\hspace{3cm}}\newline\footnotes...

Your command was ignored.
Type  I <command> <return>  to replace it with another command,
or  <return>  to continue without it.

! Undefined control sequence.
l.27 ...ace{3cm}\hspace{3cm}}\newline\footnotesize
                                                  {фамилия и. о.}&&\underlin...
The control sequence at the end of the top line
of your error message was never \def'ed. If you have
misspelled it (e.g., `\hobx'), type `I' and the correct
spelling (e.g., `I\hbox'). Otherwise just continue,
and I'll forget about whatever was undefined.

Missing character: There is no ф ("444) in font nullfont!
Missing character: There is no а ("430) in font nullfont!
Missing character: There is no м ("43C) in font nullfont!
Missing character: There is no и ("438) in font nullfont!
Missing character: There is no л ("43B) in font nullfont!
Missing character: There is no и ("438) in font nullfont!
Missing character: There is no я ("44F) in font nullfont!
Missing character: There is no и ("438) in font nullfont!
Missing character: There is no . ("2E) in font nullfont!
Missing character: There is no о ("43E) in font nullfont!
Missing character: There is no . ("2E) in font nullfont!
! Undefined control sequence.
l.27 ...ace{3cm}\hspace{3cm}}\newline\footnotesize
                                                  {подпись, дата}\\
The control sequence at the end of the top line
of your error message was never \def'ed. If you have
misspelled it (e.g., `\hobx'), type `I' and the correct
spelling (e.g., `I\hbox'). Otherwise just continue,
and I'll forget about whatever was undefined.

Missing character: There is no п ("43F) in font nullfont!
Missing character: There is no о ("43E) in font nullfont!
Missing character: There is no д ("434) in font nullfont!
Missing character: There is no п ("43F) in font nullfont!
Missing character: There is no и ("438) in font nullfont!
Missing character: There is no с ("441) in font nullfont!
Missing character: There is no ь ("44C) in font nullfont!
Missing character: There is no , ("2C) in font nullfont!
Missing character: There is no д ("434) in font nullfont!
Missing character: There is no а ("430) in font nullfont!
Missing character: There is no т ("442) in font nullfont!
Missing character: There is no а ("430) in font nullfont!

Overfull \hbox (113.81102pt too wide) in paragraph at lines 27--28
[]$[]$ 
 []


! LaTeX Error: The font size command \normalsize is not defined:
               there is probably something wrong with the class file.

See the LaTeX manual or LaTeX Companion for explanation.
Type  H <return>  for immediate help.
 ...                                              
                                                  
l.29 ^^I^^I\normalsize
                       Руководитель практики от университета & & \normalsize...

Your command was ignored.
Type  I <command> <return>  to replace it with another command,
or  <return>  to continue without it.

Missing character: There is no Р ("420) in font nullfont!
Missing character: There is no у ("443) in font nullfont!
Missing character: There is no к ("43A) in font nullfont!
Missing character: There is no о ("43E) in font nullfont!
Missing character: There is no в ("432) in font nullfont!
Missing character: There is no о ("43E) in font nullfont!
Missing character: There is no д ("434) in font nullfont!
Missing character: There is no и ("438) in font nullfont!
Missing character: There is no т ("442) in font nullfont!
Missing character: There is no е ("435) in font nullfont!
Missing character: There is no л ("43B) in font nullfont!
Missing character: There is no ь ("44C) in font nullfont!
Missing character: There is no п ("43F) in font nullfont!
Missing character: There is no р ("440) in font nullfont!
Missing character: There is no а ("430) in font nullfont!
Missing character: There is no к ("43A) in font nullfont!
Missing character: There is no т ("442) in font nullfont!
Missing character: There is no и ("438) in font nullfont!
Missing character: There is no к ("43A) in font nullfont!
Missing character: There is no и ("438) in font nullfont!
Missing character: There is no о ("43E) in font nullfont!
Missing character: There is no т ("442) in font nullfont!
Missing character: There is no у ("443) in font nullfont!
Missing character: There is no н ("43D) in font nullfont!
Missing character: There is no и ("438) in font nullfont!
Missing character: There is no в ("432) in font nullfont!
Missing character: There is no е ("435) in font nullfont!
Missing character: There is no р ("440) in font nullfont!
Missing character: There is no с ("441) in font nullfont!
Missing character: There is no и ("438) in font nullfont!
Missing character: There is no т ("442) in font nullfont!
Missing character: There is no е ("435) in font nullfont!
Missing character: There is no т ("442) in font nullfont!
Missing character: There is no а ("430) in font nullfont!

! LaTeX Error: The font size command \normalsize is not defined:
               there is probably something wrong with the class file.

See the LaTeX manual or LaTeX Companion for explanation.
Type  H <return>  for immediate help.
 ...                                              
                                                  
l.29 ...ь практики от университета & & \normalsize
                                                   Оценка \underline{\hspace...

Your command was ignored.
Type  I <command> <return>  to replace it with another command,
or  <return>  to continue without it.

Missing character: There is no О ("41E) in font nullfont!
Missing character: There is no ц ("446) in font nullfont!
Missing character: There is no е ("435) in font nullfont!
Missing character: There is no н ("43D) in font nullfont!
Missing character: There is no к ("43A) in font nullfont!
Missing character: There is no а ("430) in font nullfont!

Overfull \hbox (56.90552pt too wide) in paragraph at lines 29--30
[] $[]$| 
 []

! Undefined control sequence.
l.32 ^^I^^I\footnotesize
                        {должность, звание, степень}&&\\
The control sequence at the end of the top line
of your error message was never \def'ed. If you have
misspelled it (e.g., `\hobx'), type `I' and the correct
spelling (e.g., `I\hbox'). Otherwise just continue,
and I'll forget about whatever was undefined.

Missing character: There is no д ("434) in font nullfont!
Missing character: There is no о ("43E) in font nullfont!
Missing character: There is no л ("43B) in font nullfont!
Missing character: There is no ж ("436) in font nullfont!
Missing character: There is no н ("43D) in font nullfont!
Missing character: There is no о ("43E) in font nullfont!
Missing character: There is no с ("441) in font nullfont!
Missing character: There is no т ("442) in font nullfont!
Missing character: There is no ь ("44C) in font nullfont!
Missing character: There is no , ("2C) in font nullfont!
Missing character: There is no з ("437) in font nullfont!
Missing character: There is no в ("432) in font nullfont!
Missing character: There is no а ("430) in font nullfont!
Missing character: There is no н ("43D) in font nullfont!
Missing character: There is no и ("438) in font nullfont!
Missing character: There is no е ("435) in font nullfont!
Missing character: There is no , ("2C) in font nullfont!
Missing character: There is no с ("441) in font nullfont!
Missing character: There is no т ("442) in font nullfont!
Missing character: There is no е ("435) in font nullfont!
Missing character: There is no п ("43F) in font nullfont!
Missing character: There is no е ("435) in font nullfont!
Missing character: There is no н ("43D) in font nullfont!
Missing character: There is no ь ("44C) in font nullfont!

! LaTeX Error: The font size command \normalsize is not defined:
               there is probably something wrong with the class file.

See the LaTeX manual or LaTeX Companion for explanation.
Type  H <return>  for immediate help.
 ...                                              
                                                  
l.33 ^^I^^I\normalsize
                      \underline{\hspace{3cm}\hspace{3cm}}\newline\footnotes...

Your command was ignored.
Type  I <command> <return>  to replace it with another command,
or  <return>  to continue without it.

! Undefined control sequence.
l.33 ...ace{3cm}\hspace{3cm}}\newline\footnotesize
                                                  {фамилия и. о.}&&\underlin...
The control sequence at the end of the top line
of your error message was never \def'ed. If you have
misspelled it (e.g., `\hobx'), type `I' and the correct
spelling (e.g., `I\hbox'). Otherwise just continue,
and I'll forget about whatever was undefined.

Missing character: There is no ф ("444) in font nullfont!
Missing character: There is no а ("430) in font nullfont!
Missing character: There is no м ("43C) in font nullfont!
Missing character: There is no и ("438) in font nullfont!
Missing character: There is no л ("43B) in font nullfont!
Missing character: There is no и ("438) in font nullfont!
Missing character: There is no я ("44F) in font nullfont!
Missing character: There is no и ("438) in font nullfont!
Missing character: There is no . ("2E) in font nullfont!
Missing character: There is no о ("43E) in font nullfont!
Missing character: There is no . ("2E) in font nullfont!
! Undefined control sequence.
l.33 ...ace{3cm}\hspace{3cm}}\newline\footnotesize
                                                  {подпись, дата}\\
The control sequence at the end of the top line
of your error message was never \def'ed. If you have
misspelled it (e.g., `\hobx'), type `I' and the correct
spelling (e.g., `I\hbox'). Otherwise just continue,
and I'll forget about whatever was undefined.

Missing character: There is no п ("43F) in font nullfont!
Missing character: There is no о ("43E) in font nullfont!
Missing character: There is no д ("434) in font nullfont!
Missing character: There is no п ("43F) in font nullfont!
Missing character: There is no и ("438) in font nullfont!
Missing character: There is no с ("441) in font nullfont!
Missing character: There is no ь ("44C) in font nullfont!
Missing character: There is no , ("2C) in font nullfont!
Missing character: There is no д ("434) in font nullfont!
Missing character: There is no а ("430) in font nullfont!
Missing character: There is no т ("442) in font nullfont!
Missing character: There is no а ("430) in font nullfont!

Overfull \hbox (113.81102pt too wide) in paragraph at lines 33--34
[]$[]$ 
 []


Overfull \hbox (227.62204pt too wide) in paragraph at lines 22--35
 [][] 
 []


! LaTeX Error: Illegal character in array arg.

See the LaTeX manual or LaTeX Companion for explanation.
Type  H <return>  for immediate help.
 ...                                              
                                                  
l.36 ^^I\begin{tabular}{C{5cm}C{5cm}C{5cm}}
                                           
You're in trouble here.  Try typing  <return>  to proceed.
If that doesn't work, type  X <return>  to quit.


! LaTeX Error: Illegal character in array arg.

See the LaTeX manual or LaTeX Companion for explanation.
Type  H <return>  for immediate help.
 ...                                              
                                                  
l.36 ^^I\begin{tabular}{C{5cm}C{5cm}C{5cm}}
                                           
You're in trouble here.  Try typing  <return>  to proceed.
If that doesn't work, type  X <return>  to quit.


! LaTeX Error: Illegal character in array arg.

See the LaTeX manual or LaTeX Companion for explanation.
Type  H <return>  for immediate help.
 ...                                              
                                                  
l.36 ^^I\begin{tabular}{C{5cm}C{5cm}C{5cm}}
                                           
You're in trouble here.  Try typing  <return>  to proceed.
If that doesn't work, type  X <return>  to quit.


! LaTeX Error: Illegal character in array arg.

See the LaTeX manual or LaTeX Companion for explanation.
Type  H <return>  for immediate help.
 ...                                              
                                                  
l.36 ^^I\begin{tabular}{C{5cm}C{5cm}C{5cm}}
                                           
You're in trouble here.  Try typing  <return>  to proceed.
If that doesn't work, type  X <return>  to quit.


! LaTeX Error: Illegal character in array arg.

See the LaTeX manual or LaTeX Companion for explanation.
Type  H <return>  for immediate help.
 ...                                              
                                                  
l.36 ^^I\begin{tabular}{C{5cm}C{5cm}C{5cm}}
                                           
You're in trouble here.  Try typing  <return>  to proceed.
If that doesn't work, type  X <return>  to quit.


! LaTeX Error: Illegal character in array arg.

See the LaTeX manual or LaTeX Companion for explanation.
Type  H <return>  for immediate help.
 ...                                              
                                                  
l.36 ^^I\begin{tabular}{C{5cm}C{5cm}C{5cm}}
                                           
You're in trouble here.  Try typing  <return>  to proceed.
If that doesn't work, type  X <return>  to quit.


! LaTeX Error: The font size command \normalsize is not defined:
               there is probably something wrong with the class file.

See the LaTeX manual or LaTeX Companion for explanation.
Type  H <return>  for immediate help.
 ...                                              
                                                  
l.37 ^^I^^I\normalsize
                       Члены комиссии &&\\
Your command was ignored.
Type  I <command> <return>  to replace it with another command,
or  <return>  to continue without it.

Missing character: There is no Ч ("427) in font nullfont!
Missing character: There is no л ("43B) in font nullfont!
Missing character: There is no е ("435) in font nullfont!
Missing character: There is no н ("43D) in font nullfont!
Missing character: There is no ы ("44B) in font nullfont!
Missing character: There is no к ("43A) in font nullfont!
Missing character: There is no о ("43E) in font nullfont!
Missing character: There is no м ("43C) in font nullfont!
Missing character: There is no и ("438) in font nullfont!
Missing character: There is no с ("441) in font nullfont!
Missing character: There is no с ("441) in font nullfont!
Missing character: There is no и ("438) in font nullfont!
Missing character: There is no и ("438) in font nullfont!
! Undefined control sequence.
l.38 ...derline{\hspace{5cm}}\newline\footnotesize
                                                  {подпись, дата}
The control sequence at the end of the top line
of your error message was never \def'ed. If you have
misspelled it (e.g., `\hobx'), type `I' and the correct
spelling (e.g., `I\hbox'). Otherwise just continue,
and I'll forget about whatever was undefined.

Missing character: There is no п ("43F) in font nullfont!
Missing character: There is no о ("43E) in font nullfont!
Missing character: There is no д ("434) in font nullfont!
Missing character: There is no п ("43F) in font nullfont!
Missing character: There is no и ("438) in font nullfont!
Missing character: There is no с ("441) in font nullfont!
Missing character: There is no ь ("44C) in font nullfont!
Missing character: There is no , ("2C) in font nullfont!
Missing character: There is no д ("434) in font nullfont!
Missing character: There is no а ("430) in font nullfont!
Missing character: There is no т ("442) in font nullfont!
Missing character: There is no а ("430) in font nullfont!
! Undefined control sequence.
l.39 ...derline{\hspace{5cm}}\newline\footnotesize
                                                  {фамилия и. о.}\\
The control sequence at the end of the top line
of your error message was never \def'ed. If you have
misspelled it (e.g., `\hobx'), type `I' and the correct
spelling (e.g., `I\hbox'). Otherwise just continue,
and I'll forget about whatever was undefined.

Missing character: There is no ф ("444) in font nullfont!
Missing character: There is no а ("430) in font nullfont!
Missing character: There is no м ("43C) in font nullfont!
Missing character: There is no и ("438) in font nullfont!
Missing character: There is no л ("43B) in font nullfont!
Missing character: There is no и ("438) in font nullfont!
Missing character: There is no я ("44F) in font nullfont!
Missing character: There is no и ("438) in font nullfont!
Missing character: There is no . ("2E) in font nullfont!
Missing character: There is no о ("43E) in font nullfont!
Missing character: There is no . ("2E) in font nullfont!
! Undefined control sequence.
l.40 ...derline{\hspace{5cm}}\newline\footnotesize
                                                  {подпись, дата}
The control sequence at the end of the top line
of your error message was never \def'ed. If you have
misspelled it (e.g., `\hobx'), type `I' and the correct
spelling (e.g., `I\hbox'). Otherwise just continue,
and I'll forget about whatever was undefined.

Missing character: There is no п ("43F) in font nullfont!
Missing character: There is no о ("43E) in font nullfont!
Missing character: There is no д ("434) in font nullfont!
Missing character: There is no п ("43F) in font nullfont!
Missing character: There is no и ("438) in font nullfont!
Missing character: There is no с ("441) in font nullfont!
Missing character: There is no ь ("44C) in font nullfont!
Missing character: There is no , ("2C) in font nullfont!
Missing character: There is no д ("434) in font nullfont!
Missing character: There is no а ("430) in font nullfont!
Missing character: There is no т ("442) in font nullfont!
Missing character: There is no а ("430) in font nullfont!
! Undefined control sequence.
l.41 ...derline{\hspace{5cm}}\newline\footnotesize
                                                  {фамилия и. о.}\\
The control sequence at the end of the top line
of your error message was never \def'ed. If you have
misspelled it (e.g., `\hobx'), type `I' and the correct
spelling (e.g., `I\hbox'). Otherwise just continue,
and I'll forget about whatever was undefined.

Missing character: There is no ф ("444) in font nullfont!
Missing character: There is no а ("430) in font nullfont!
Missing character: There is no м ("43C) in font nullfont!
Missing character: There is no и ("438) in font nullfont!
Missing character: There is no л ("43B) in font nullfont!
Missing character: There is no и ("438) in font nullfont!
Missing character: There is no я ("44F) in font nullfont!
Missing character: There is no и ("438) in font nullfont!
Missing character: There is no . ("2E) in font nullfont!
Missing character: There is no о ("43E) in font nullfont!
Missing character: There is no . ("2E) in font nullfont!

Overfull \hbox (284.5276pt too wide) in paragraph at lines 36--43
 [][] 
 []


! LaTeX Error: The font size command \normalsize is not defined:
               there is probably something wrong with the class file.

See the LaTeX manual or LaTeX Companion for explanation.
Type  H <return>  for immediate help.
 ...                                              
                                                  
l.47 ^^I\normalsize
                   {Курск, \the\year{} г.}
Your command was ignored.
Type  I <command> <return>  to replace it with another command,
or  <return>  to continue without it.

Missing character: There is no К ("41A) in font nullfont!
Missing character: There is no у ("443) in font nullfont!
Missing character: There is no р ("440) in font nullfont!
Missing character: There is no с ("441) in font nullfont!
Missing character: There is no к ("43A) in font nullfont!
Missing character: There is no , ("2C) in font nullfont!
Missing character: There is no 2 ("32) in font nullfont!
Missing character: There is no 0 ("30) in font nullfont!
Missing character: There is no 2 ("32) in font nullfont!
Missing character: There is no 6 ("36) in font nullfont!
Missing character: There is no г ("433) in font nullfont!
Missing character: There is no . ("2E) in font nullfont!
)
! Emergency stop.
<*> ТитульныйЛистПрактика.tex
                             
*** (job aborted, no legal \end found)

 
Here is how much of TeX's memory you used:
 23 strings out of 467812
 542 string characters out of 5427135
 431017 words of memory out of 5000000
 29202 multiletter control sequences out of 15000+600000
 627729 words of font info for 41 fonts, out of 8000000 for 9000
 1348 hyphenation exceptions out of 8191
 20i,10n,21p,222b,194s stack positions out of 10000i,1000n,20000p,200000b,200000s
No pages of output.
